1.- SUMA & RESTA

>>> 1+5
6
---------------------------------------------
>>> 5+5
10
---------------------------------------------
>>>5+8
13
---------------------------------------------
>>> 5+8-6
7
---------------------------------------------
>> 1+1-1+1
2
---------------------------------------------
---------------------------------------------

2.- MULTIPLICACION & DIVISION

>>> 3*(5+2)
21
>>>20/5
4.0 --> al dividir dos numeros obtendremos un decimal al que llamaremos flotante en programacion
---------------------------------------------
>>> -10
-10
---------------------------------------------
>>> (-8+4)*(-3)
12
---------------------------------------------
Que pasa si:
>>> 11/0
Traceback (most recent call last)     |
File “<stdin>”, line 1 , in <module>  | --> nos produce un error ya que no se puede calcular ninguna respuesta.
ZeroDivisionError: division by zero   |
---------------------------------------------
---------------------------------------------

3.- FLOTANTES

>>> 8/5
1.6
---------------------------------------------
>>> 5+8.1649
13.1649
---------------------------------------------
---------------------------------------------

4.- EXPONENTES

>>> 3**2
9
---------------------------------------------
>>> 9**(1/2)
3.0
---------------------------------------------
---------------------------------------------

5.- COEFICIENTE

>>>30//7
4
---------------------------------------------
>>>30%7
2
---------------------------------------------
---------------------------------------------
---------------------------------------------







